\BOOKMARK [1][-]{section.1}{\376\377\046\231\376\017\0001\000.\000\040\254\034\306\224\000\040\274\017\000\040\301\044\310\025}{}% 1
\BOOKMARK [2][-]{subsection.1.1}{\376\377\000S\000e\000c\000t\000i\000o\000n\000\040\0000\000\040\040\024\000\040\000P\000a\000r\000a\000l\000l\000e\000l\000\040\000P\000o\000o\000l\000\040\301\044\310\025}{section.1}% 2
\BOOKMARK [2][-]{subsection.1.2}{\376\377\000S\000e\000c\000t\000i\000o\000n\000\040\0001\000\040\040\024\000\040\000S\000T\000N\000\040\300\301\302\030\000\040\270\134\264\334\000\040\274\017\000\040\000M\000A\000X\000\040\306\044\274\204\267\174\307\164\264\334}{section.1}% 3
\BOOKMARK [2][-]{subsection.1.3}{\376\377\000S\000e\000c\000t\000i\000o\000n\000\040\0003\000\040\040\024\000\040\305\221\307\220\300\301\320\334\000\040\323\014\307\174\000\040\254\275\270\134}{section.1}% 4
\BOOKMARK [1][-]{section.2}{\376\377\330\075\335\054\0002\000.\000\040\302\334\273\254\270\010\307\164\301\130\000\040\325\165\302\354\000\040\270\134\311\301}{}% 5
\BOOKMARK [2][-]{subsection.2.1}{\376\377\000S\000e\000c\000t\000i\000o\000n\000\040\0004\000\040\040\024\000\040\000l\000i\000n\000e\000a\000r\000l\000y\000.\000m\000a\000t\000\040\270\134\264\334\000\040\274\017\000\040\0002\000D\000\040\000r\000e\000s\000h\000a\000p\000e}{section.2}% 6
\BOOKMARK [2][-]{subsection.2.2}{\376\377\000S\000e\000c\000t\000i\000o\000n\000\040\0005\000\040\040\024\000\040\270\010\307\164\310\000\000\040\301\070\256\060\000\040\300\254\310\004\000\040\254\304\300\260}{section.2}% 7
\BOOKMARK [2][-]{subsection.2.3}{\376\377\000S\000e\000c\000t\000i\000o\000n\000\040\0006\000\040\040\024\000\040\000p\000a\000r\000f\000o\000r\000\040\000S\000u\000b\000-\000B\000a\000t\000c\000h\000\040\274\321\270\054\000\040\270\350\325\004}{section.2}% 8
\BOOKMARK [3][-]{subsubsection.2.3.1}{\376\377\000S\000u\000b\000-\000b\000a\000t\000c\000h\000\040\275\204\325\164\000\040\310\004\267\265}{subsection.2.3}% 9
\BOOKMARK [1][-]{section.3}{\376\377\330\075\334\312\0003\000.\000\040\326\304\314\230\271\254\000\040\274\017\000\040\254\260\254\374\000\040\310\000\307\245}{}% 10
\BOOKMARK [2][-]{subsection.3.1}{\376\377\000S\000e\000c\000t\000i\000o\000n\000\040\0007\000\040\040\024\000\040\000S\000u\000b\000-\000b\000a\000t\000c\000h\000\040\254\260\254\374\000\040\307\254\310\160\271\275}{section.3}% 11
\BOOKMARK [2][-]{subsection.3.2}{\376\377\000S\000e\000c\000t\000i\000o\000n\000\040\0009\000\040\040\024\000\040\254\260\254\374\000\040\310\000\307\245}{section.3}% 12
\BOOKMARK [3][-]{subsubsection.3.2.1}{\376\377\000c\000o\000n\000s\000t\000a\000n\000t\000s\000\040\255\154\310\160\314\264\000\040\255\154\301\061}{subsection.3.2}% 13
\BOOKMARK [3][-]{subsubsection.3.2.2}{\376\377\310\000\307\245\000\040\272\205\270\071}{subsection.3.2}% 14
\BOOKMARK [3][-]{subsubsection.3.2.3}{\376\377\310\000\307\245\000\040\274\300\302\030\000\040\272\251\270\135}{subsection.3.2}% 15
\BOOKMARK [2][-]{subsection.3.3}{\376\377\301\061\262\245\000\040\274\244\316\130\271\310\320\154}{section.3}% 16
\BOOKMARK [1][-]{section.4}{\376\377\046\241\0002\000-\0001\000.\000\040\000t\000i\000m\000e\000\137\000i\000n\000t\000e\000g\000r\000a\000t\000e\000.\000m\000\040\275\204\301\035}{}% 17
\BOOKMARK [2][-]{subsection.4.1}{\376\377\325\150\302\030\000\040\302\334\255\370\262\310\314\230}{section.4}% 18
\BOOKMARK [2][-]{subsection.4.2}{\376\377\000C\000P\000U\000\040\254\275\270\134\000\040\000\050\000p\000a\000r\000f\000o\000r\000\040\000w\000o\000r\000k\000e\000r\000\040\260\264\275\200\000\051}{section.4}% 19
\BOOKMARK [2][-]{subsection.4.3}{\376\377\000G\000P\000U\000\040\254\275\270\134\000\040\000\050\262\350\263\305\000\040\302\344\325\211\000\040\302\334\000\051}{section.4}% 20
\BOOKMARK [1][-]{section.5}{\376\377\330\075\335\047\274\321\270\054\326\124\000\040\310\004\267\265\000\040\300\301\301\070}{}% 21
\BOOKMARK [2][-]{subsection.5.1}{\376\377\000M\000a\000x\000N\000u\000m\000W\000o\000r\000k\000e\000r\000s\000\040\254\025\310\034\000\040\326\125\307\245}{section.5}% 22
\BOOKMARK [2][-]{subsection.5.2}{\376\377\325\165\302\354\000\040\315\134\310\001\326\124\000\040\306\224\305\175}{section.5}% 23
\BOOKMARK [2][-]{subsection.5.3}{\376\377\305\114\270\044\311\304\000\040\325\134\254\304\000\040\274\017\000\040\254\034\301\040\000\040\274\051\305\110}{section.5}% 24
